Running all-community processing
Data directory: data/subreddits
Output CSV: data/subreddits/all_community_metrics.csv
Plot directory: visualizations/all_communities
Toxicity threshold: 0.5
Troll threshold: 0.25
Summarizing data/subreddits/conservatives/conservatives_comments_cleaned_detoxify_unbiased_predictions.csv
Summarizing data/subreddits/drizzy/drizzy_comments_cleaned_detoxify_unbiased_predictions.csv
Summarizing data/subreddits/dsa/dsa_comments_cleaned_detoxify_unbiased_predictions.csv
Summarizing data/subreddits/kendricklamar/kendricklamar_comments_cleaned_detoxify_unbiased_predictions.csv
Summarizing data/subreddits/ramen/ramen_comments_cleaned_detoxify_unbiased_predictions.csv
Summarizing data/subreddits/welding/welding_comments_cleaned_detoxify_unbiased_predictions.csv
Saved data/subreddits/all_community_metrics.csv
Saved visualizations/all_communities/all_communities_percent_toxic_comments.png
Saved visualizations/all_communities/all_communities_percent_troll_users.png
Saved visualizations/all_communities/all_communities_mean_toxicity.png
Saved visualizations/all_communities/all_communities_monthly_toxicity_volatility.png
Saved visualizations/all_communities/all_communities_toxic_reply_contagion_ratio.png
Saved visualizations/all_communities/all_communities_toxic_engagement_ratio.png
Saved visualizations/all_communities/all_communities_dogpiling_rate.png
Saved visualizations/all_communities/all_communities_toxicity_concentration.png
Saved visualizations/all_communities/all_communities_toxicity_category_rates.png
Saved visualizations/all_communities/all_communities_top_active_vs_all_percent_toxic.png
Communities summarized: 6
All-community processing complete
